14:40:34 **** Build of configuration Debug for project IMU_cal ****
make -j8 all 
arm-none-eabi-gcc "../Drivers/STM32F4xx_HAL_Driver/Src/stm32f4xx_hal.c" -mcpu=cortex-m4 -std=gnu11 -g3 -DDEBUG -DUSE_HAL_DRIVER -DSTM32F401xE -c -I../Core/Inc -I../Drivers/STM32F4xx_HAL_Driver/Inc -I../Drivers/STM32F4xx_HAL_Driver/Inc/Legacy -I../Drivers/CMSIS/Device/ST/STM32F4xx/Include -I../Drivers/CMSIS/Include -O0 -ffunction-sections -fdata-sections -Wall -fstack-usage -fcyclomatic-complexity -MMD -MP -MF"Drivers/STM32F4xx_HAL_Driver/Src/stm32f4xx_hal.d" -MT"Drivers/STM32F4xx_HAL_Driver/Src/stm32f4xx_hal.o" --specs=nano.specs -mfpu=fpv4-sp-d16 -mfloat-abi=hard -mthumb -o "Drivers/STM32F4xx_HAL_Driver/Src/stm32f4xx_hal.o"
arm-none-eabi-gcc "../Drivers/STM32F4xx_HAL_Driver/Src/stm32f4xx_hal_cortex.c" -mcpu=cortex-m4 -std=gnu11 -g3 -DDEBUG -DUSE_HAL_DRIVER -DSTM32F401xE -c -I../Core/Inc -I../Drivers/STM32F4xx_HAL_Driver/Inc -I../Drivers/STM32F4xx_HAL_Driver/Inc/Legacy -I../Drivers/CMSIS/Device/ST/STM32F4xx/Include -I../Drivers/CMSIS/Include -O0 -ffunction-sections -fdata-sections -Wall -fstack-usage -fcyclomatic-complexity -MMD -MP -MF"Drivers/STM32F4xx_HAL_Driver/Src/stm32f4xx_hal_cortex.d" -MT"Drivers/STM32F4xx_HAL_Driver/Src/stm32f4xx_hal_cortex.o" --specs=nano.specs -mfpu=fpv4-sp-d16 -mfloat-abi=hard -mthumb -o "Drivers/STM32F4xx_HAL_Driver/Src/stm32f4xx_hal_cortex.o"
arm-none-eabi-gcc "../Drivers/STM32F4xx_HAL_Driver/Src/stm32f4xx_hal_dma.c" -mcpu=cortex-m4 -std=gnu11 -g3 -DDEBUG -DUSE_HAL_DRIVER -DSTM32F401xE -c -I../Core/Inc -I../Drivers/STM32F4xx_HAL_Driver/Inc -I../Drivers/STM32F4xx_HAL_Driver/Inc/Legacy -I../Drivers/CMSIS/Device/ST/STM32F4xx/Include -I../Drivers/CMSIS/Include -O0 -ffunction-sections -fdata-sections -Wall -fstack-usage -fcyclomatic-complexity -MMD -MP -MF"Drivers/STM32F4xx_HAL_Driver/Src/stm32f4xx_hal_dma.d" -MT"Drivers/STM32F4xx_HAL_Driver/Src/stm32f4xx_hal_dma.o" --specs=nano.specs -mfpu=fpv4-sp-d16 -mfloat-abi=hard -mthumb -o "Drivers/STM32F4xx_HAL_Driver/Src/stm32f4xx_hal_dma.o"
arm-none-eabi-gcc "../Drivers/STM32F4xx_HAL_Driver/Src/stm32f4xx_hal_dma_ex.c" -mcpu=cortex-m4 -std=gnu11 -g3 -DDEBUG -DUSE_HAL_DRIVER -DSTM32F401xE -c -I../Core/Inc -I../Drivers/STM32F4xx_HAL_Driver/Inc -I../Drivers/STM32F4xx_HAL_Driver/Inc/Legacy -I../Drivers/CMSIS/Device/ST/STM32F4xx/Include -I../Drivers/CMSIS/Include -O0 -ffunction-sections -fdata-sections -Wall -fstack-usage -fcyclomatic-complexity -MMD -MP -MF"Drivers/STM32F4xx_HAL_Driver/Src/stm32f4xx_hal_dma_ex.d" -MT"Drivers/STM32F4xx_HAL_Driver/Src/stm32f4xx_hal_dma_ex.o" --specs=nano.specs -mfpu=fpv4-sp-d16 -mfloat-abi=hard -mthumb -o "Drivers/STM32F4xx_HAL_Driver/Src/stm32f4xx_hal_dma_ex.o"
arm-none-eabi-gcc "../Drivers/STM32F4xx_HAL_Driver/Src/stm32f4xx_hal_exti.c" -mcpu=cortex-m4 -std=gnu11 -g3 -DDEBUG -DUSE_HAL_DRIVER -DSTM32F401xE -c -I../Core/Inc -I../Drivers/STM32F4xx_HAL_Driver/Inc -I../Drivers/STM32F4xx_HAL_Driver/Inc/Legacy -I../Drivers/CMSIS/Device/ST/STM32F4xx/Include -I../Drivers/CMSIS/Include -O0 -ffunction-sections -fdata-sections -Wall -fstack-usage -fcyclomatic-complexity -MMD -MP -MF"Drivers/STM32F4xx_HAL_Driver/Src/stm32f4xx_hal_exti.d" -MT"Drivers/STM32F4xx_HAL_Driver/Src/stm32f4xx_hal_exti.o" --specs=nano.specs -mfpu=fpv4-sp-d16 -mfloat-abi=hard -mthumb -o "Drivers/STM32F4xx_HAL_Driver/Src/stm32f4xx_hal_exti.o"
arm-none-eabi-gcc "../Drivers/STM32F4xx_HAL_Driver/Src/stm32f4xx_hal_flash.c" -mcpu=cortex-m4 -std=gnu11 -g3 -DDEBUG -DUSE_HAL_DRIVER -DSTM32F401xE -c -I../Core/Inc -I../Drivers/STM32F4xx_HAL_Driver/Inc -I../Drivers/STM32F4xx_HAL_Driver/Inc/Legacy -I../Drivers/CMSIS/Device/ST/STM32F4xx/Include -I../Drivers/CMSIS/Include -O0 -ffunction-sections -fdata-sections -Wall -fstack-usage -fcyclomatic-complexity -MMD -MP -MF"Drivers/STM32F4xx_HAL_Driver/Src/stm32f4xx_hal_flash.d" -MT"Drivers/STM32F4xx_HAL_Driver/Src/stm32f4xx_hal_flash.o" --specs=nano.specs -mfpu=fpv4-sp-d16 -mfloat-abi=hard -mthumb -o "Drivers/STM32F4xx_HAL_Driver/Src/stm32f4xx_hal_flash.o"
arm-none-eabi-gcc "../Drivers/STM32F4xx_HAL_Driver/Src/stm32f4xx_hal_flash_ex.c" -mcpu=cortex-m4 -std=gnu11 -g3 -DDEBUG -DUSE_HAL_DRIVER -DSTM32F401xE -c -I../Core/Inc -I../Drivers/STM32F4xx_HAL_Driver/Inc -I../Drivers/STM32F4xx_HAL_Driver/Inc/Legacy -I../Drivers/CMSIS/Device/ST/STM32F4xx/Include -I../Drivers/CMSIS/Include -O0 -ffunction-sections -fdata-sections -Wall -fstack-usage -fcyclomatic-complexity -MMD -MP -MF"Drivers/STM32F4xx_HAL_Driver/Src/stm32f4xx_hal_flash_ex.d" -MT"Drivers/STM32F4xx_HAL_Driver/Src/stm32f4xx_hal_flash_ex.o" --specs=nano.specs -mfpu=fpv4-sp-d16 -mfloat-abi=hard -mthumb -o "Drivers/STM32F4xx_HAL_Driver/Src/stm32f4xx_hal_flash_ex.o"
arm-none-eabi-gcc "../Drivers/STM32F4xx_HAL_Driver/Src/stm32f4xx_hal_flash_ramfunc.c" -mcpu=cortex-m4 -std=gnu11 -g3 -DDEBUG -DUSE_HAL_DRIVER -DSTM32F401xE -c -I../Core/Inc -I../Drivers/STM32F4xx_HAL_Driver/Inc -I../Drivers/STM32F4xx_HAL_Driver/Inc/Legacy -I../Drivers/CMSIS/Device/ST/STM32F4xx/Include -I../Drivers/CMSIS/Include -O0 -ffunction-sections -fdata-sections -Wall -fstack-usage -fcyclomatic-complexity -MMD -MP -MF"Drivers/STM32F4xx_HAL_Driver/Src/stm32f4xx_hal_flash_ramfunc.d" -MT"Drivers/STM32F4xx_HAL_Driver/Src/stm32f4xx_hal_flash_ramfunc.o" --specs=nano.specs -mfpu=fpv4-sp-d16 -mfloat-abi=hard -mthumb -o "Drivers/STM32F4xx_HAL_Driver/Src/stm32f4xx_hal_flash_ramfunc.o"
arm-none-eabi-gcc "../Drivers/STM32F4xx_HAL_Driver/Src/stm32f4xx_hal_gpio.c" -mcpu=cortex-m4 -std=gnu11 -g3 -DDEBUG -DUSE_HAL_DRIVER -DSTM32F401xE -c -I../Core/Inc -I../Drivers/STM32F4xx_HAL_Driver/Inc -I../Drivers/STM32F4xx_HAL_Driver/Inc/Legacy -I../Drivers/CMSIS/Device/ST/STM32F4xx/Include -I../Drivers/CMSIS/Include -O0 -ffunction-sections -fdata-sections -Wall -fstack-usage -fcyclomatic-complexity -MMD -MP -MF"Drivers/STM32F4xx_HAL_Driver/Src/stm32f4xx_hal_gpio.d" -MT"Drivers/STM32F4xx_HAL_Driver/Src/stm32f4xx_hal_gpio.o" --specs=nano.specs -mfpu=fpv4-sp-d16 -mfloat-abi=hard -mthumb -o "Drivers/STM32F4xx_HAL_Driver/Src/stm32f4xx_hal_gpio.o"
arm-none-eabi-gcc "../Drivers/STM32F4xx_HAL_Driver/Src/stm32f4xx_hal_i2c.c" -mcpu=cortex-m4 -std=gnu11 -g3 -DDEBUG -DUSE_HAL_DRIVER -DSTM32F401xE -c -I../Core/Inc -I../Drivers/STM32F4xx_HAL_Driver/Inc -I../Drivers/STM32F4xx_HAL_Driver/Inc/Legacy -I../Drivers/CMSIS/Device/ST/STM32F4xx/Include -I../Drivers/CMSIS/Include -O0 -ffunction-sections -fdata-sections -Wall -fstack-usage -fcyclomatic-complexity -MMD -MP -MF"Drivers/STM32F4xx_HAL_Driver/Src/stm32f4xx_hal_i2c.d" -MT"Drivers/STM32F4xx_HAL_Driver/Src/stm32f4xx_hal_i2c.o" --specs=nano.specs -mfpu=fpv4-sp-d16 -mfloat-abi=hard -mthumb -o "Drivers/STM32F4xx_HAL_Driver/Src/stm32f4xx_hal_i2c.o"
arm-none-eabi-gcc "../Drivers/STM32F4xx_HAL_Driver/Src/stm32f4xx_hal_i2c_ex.c" -mcpu=cortex-m4 -std=gnu11 -g3 -DDEBUG -DUSE_HAL_DRIVER -DSTM32F401xE -c -I../Core/Inc -I../Drivers/STM32F4xx_HAL_Driver/Inc -I../Drivers/STM32F4xx_HAL_Driver/Inc/Legacy -I../Drivers/CMSIS/Device/ST/STM32F4xx/Include -I../Drivers/CMSIS/Include -O0 -ffunction-sections -fdata-sections -Wall -fstack-usage -fcyclomatic-complexity -MMD -MP -MF"Drivers/STM32F4xx_HAL_Driver/Src/stm32f4xx_hal_i2c_ex.d" -MT"Drivers/STM32F4xx_HAL_Driver/Src/stm32f4xx_hal_i2c_ex.o" --specs=nano.specs -mfpu=fpv4-sp-d16 -mfloat-abi=hard -mthumb -o "Drivers/STM32F4xx_HAL_Driver/Src/stm32f4xx_hal_i2c_ex.o"
arm-none-eabi-gcc "../Drivers/STM32F4xx_HAL_Driver/Src/stm32f4xx_hal_pwr.c" -mcpu=cortex-m4 -std=gnu11 -g3 -DDEBUG -DUSE_HAL_DRIVER -DSTM32F401xE -c -I../Core/Inc -I../Drivers/STM32F4xx_HAL_Driver/Inc -I../Drivers/STM32F4xx_HAL_Driver/Inc/Legacy -I../Drivers/CMSIS/Device/ST/STM32F4xx/Include -I../Drivers/CMSIS/Include -O0 -ffunction-sections -fdata-sections -Wall -fstack-usage -fcyclomatic-complexity -MMD -MP -MF"Drivers/STM32F4xx_HAL_Driver/Src/stm32f4xx_hal_pwr.d" -MT"Drivers/STM32F4xx_HAL_Driver/Src/stm32f4xx_hal_pwr.o" --specs=nano.specs -mfpu=fpv4-sp-d16 -mfloat-abi=hard -mthumb -o "Drivers/STM32F4xx_HAL_Driver/Src/stm32f4xx_hal_pwr.o"
arm-none-eabi-gcc "../Drivers/STM32F4xx_HAL_Driver/Src/stm32f4xx_hal_pwr_ex.c" -mcpu=cortex-m4 -std=gnu11 -g3 -DDEBUG -DUSE_HAL_DRIVER -DSTM32F401xE -c -I../Core/Inc -I../Drivers/STM32F4xx_HAL_Driver/Inc -I../Drivers/STM32F4xx_HAL_Driver/Inc/Legacy -I../Drivers/CMSIS/Device/ST/STM32F4xx/Include -I../Drivers/CMSIS/Include -O0 -ffunction-sections -fdata-sections -Wall -fstack-usage -fcyclomatic-complexity -MMD -MP -MF"Drivers/STM32F4xx_HAL_Driver/Src/stm32f4xx_hal_pwr_ex.d" -MT"Drivers/STM32F4xx_HAL_Driver/Src/stm32f4xx_hal_pwr_ex.o" --specs=nano.specs -mfpu=fpv4-sp-d16 -mfloat-abi=hard -mthumb -o "Drivers/STM32F4xx_HAL_Driver/Src/stm32f4xx_hal_pwr_ex.o"
arm-none-eabi-gcc "../Drivers/STM32F4xx_HAL_Driver/Src/stm32f4xx_hal_rcc.c" -mcpu=cortex-m4 -std=gnu11 -g3 -DDEBUG -DUSE_HAL_DRIVER -DSTM32F401xE -c -I../Core/Inc -I../Drivers/STM32F4xx_HAL_Driver/Inc -I../Drivers/STM32F4xx_HAL_Driver/Inc/Legacy -I../Drivers/CMSIS/Device/ST/STM32F4xx/Include -I../Drivers/CMSIS/Include -O0 -ffunction-sections -fdata-sections -Wall -fstack-usage -fcyclomatic-complexity -MMD -MP -MF"Drivers/STM32F4xx_HAL_Driver/Src/stm32f4xx_hal_rcc.d" -MT"Drivers/STM32F4xx_HAL_Driver/Src/stm32f4xx_hal_rcc.o" --specs=nano.specs -mfpu=fpv4-sp-d16 -mfloat-abi=hard -mthumb -o "Drivers/STM32F4xx_HAL_Driver/Src/stm32f4xx_hal_rcc.o"
arm-none-eabi-gcc "../Drivers/STM32F4xx_HAL_Driver/Src/stm32f4xx_hal_rcc_ex.c" -mcpu=cortex-m4 -std=gnu11 -g3 -DDEBUG -DUSE_HAL_DRIVER -DSTM32F401xE -c -I../Core/Inc -I../Drivers/STM32F4xx_HAL_Driver/Inc -I../Drivers/STM32F4xx_HAL_Driver/Inc/Legacy -I../Drivers/CMSIS/Device/ST/STM32F4xx/Include -I../Drivers/CMSIS/Include -O0 -ffunction-sections -fdata-sections -Wall -fstack-usage -fcyclomatic-complexity -MMD -MP -MF"Drivers/STM32F4xx_HAL_Driver/Src/stm32f4xx_hal_rcc_ex.d" -MT"Drivers/STM32F4xx_HAL_Driver/Src/stm32f4xx_hal_rcc_ex.o" --specs=nano.specs -mfpu=fpv4-sp-d16 -mfloat-abi=hard -mthumb -o "Drivers/STM32F4xx_HAL_Driver/Src/stm32f4xx_hal_rcc_ex.o"
arm-none-eabi-gcc "../Drivers/STM32F4xx_HAL_Driver/Src/stm32f4xx_hal_tim.c" -mcpu=cortex-m4 -std=gnu11 -g3 -DDEBUG -DUSE_HAL_DRIVER -DSTM32F401xE -c -I../Core/Inc -I../Drivers/STM32F4xx_HAL_Driver/Inc -I../Drivers/STM32F4xx_HAL_Driver/Inc/Legacy -I../Drivers/CMSIS/Device/ST/STM32F4xx/Include -I../Drivers/CMSIS/Include -O0 -ffunction-sections -fdata-sections -Wall -fstack-usage -fcyclomatic-complexity -MMD -MP -MF"Drivers/STM32F4xx_HAL_Driver/Src/stm32f4xx_hal_tim.d" -MT"Drivers/STM32F4xx_HAL_Driver/Src/stm32f4xx_hal_tim.o" --specs=nano.specs -mfpu=fpv4-sp-d16 -mfloat-abi=hard -mthumb -o "Drivers/STM32F4xx_HAL_Driver/Src/stm32f4xx_hal_tim.o"
arm-none-eabi-gcc "../Drivers/STM32F4xx_HAL_Driver/Src/stm32f4xx_hal_tim_ex.c" -mcpu=cortex-m4 -std=gnu11 -g3 -DDEBUG -DUSE_HAL_DRIVER -DSTM32F401xE -c -I../Core/Inc -I../Drivers/STM32F4xx_HAL_Driver/Inc -I../Drivers/STM32F4xx_HAL_Driver/Inc/Legacy -I../Drivers/CMSIS/Device/ST/STM32F4xx/Include -I../Drivers/CMSIS/Include -O0 -ffunction-sections -fdata-sections -Wall -fstack-usage -fcyclomatic-complexity -MMD -MP -MF"Drivers/STM32F4xx_HAL_Driver/Src/stm32f4xx_hal_tim_ex.d" -MT"Drivers/STM32F4xx_HAL_Driver/Src/stm32f4xx_hal_tim_ex.o" --specs=nano.specs -mfpu=fpv4-sp-d16 -mfloat-abi=hard -mthumb -o "Drivers/STM32F4xx_HAL_Driver/Src/stm32f4xx_hal_tim_ex.o"
arm-none-eabi-gcc "../Drivers/STM32F4xx_HAL_Driver/Src/stm32f4xx_hal_uart.c" -mcpu=cortex-m4 -std=gnu11 -g3 -DDEBUG -DUSE_HAL_DRIVER -DSTM32F401xE -c -I../Core/Inc -I../Drivers/STM32F4xx_HAL_Driver/Inc -I../Drivers/STM32F4xx_HAL_Driver/Inc/Legacy -I../Drivers/CMSIS/Device/ST/STM32F4xx/Include -I../Drivers/CMSIS/Include -O0 -ffunction-sections -fdata-sections -Wall -fstack-usage -fcyclomatic-complexity -MMD -MP -MF"Drivers/STM32F4xx_HAL_Driver/Src/stm32f4xx_hal_uart.d" -MT"Drivers/STM32F4xx_HAL_Driver/Src/stm32f4xx_hal_uart.o" --specs=nano.specs -mfpu=fpv4-sp-d16 -mfloat-abi=hard -mthumb -o "Drivers/STM32F4xx_HAL_Driver/Src/stm32f4xx_hal_uart.o"
arm-none-eabi-gcc -mcpu=cortex-m4 -g3 -DDEBUG -c -x assembler-with-cpp -MMD -MP -MF"Core/Startup/startup_stm32f401retx.d" -MT"Core/Startup/startup_stm32f401retx.o" --specs=nano.specs -mfpu=fpv4-sp-d16 -mfloat-abi=hard -mthumb -o "Core/Startup/startup_stm32f401retx.o" "../Core/Startup/startup_stm32f401retx.s"
arm-none-eabi-g++ "../Core/Src/MPU9250.cpp" -mcpu=cortex-m4 -std=gnu++14 -g3 -DDEBUG -DUSE_HAL_DRIVER -DSTM32F401xE -c -I../Core/Inc -I../Drivers/STM32F4xx_HAL_Driver/Inc -I../Drivers/STM32F4xx_HAL_Driver/Inc/Legacy -I../Drivers/CMSIS/Device/ST/STM32F4xx/Include -I../Drivers/CMSIS/Include -O0 -ffunction-sections -fdata-sections -fno-exceptions -fno-rtti -fno-use-cxa-atexit -Wall -fstack-usage -fcyclomatic-complexity -MMD -MP -MF"Core/Src/MPU9250.d" -MT"Core/Src/MPU9250.o" --specs=nano.specs -mfpu=fpv4-sp-d16 -mfloat-abi=hard -mthumb -o "Core/Src/MPU9250.o"
arm-none-eabi-g++ "../Core/Src/main.cpp" -mcpu=cortex-m4 -std=gnu++14 -g3 -DDEBUG -DUSE_HAL_DRIVER -DSTM32F401xE -c -I../Core/Inc -I../Drivers/STM32F4xx_HAL_Driver/Inc -I../Drivers/STM32F4xx_HAL_Driver/Inc/Legacy -I../Drivers/CMSIS/Device/ST/STM32F4xx/Include -I../Drivers/CMSIS/Include -O0 -ffunction-sections -fdata-sections -fno-exceptions -fno-rtti -fno-use-cxa-atexit -Wall -fstack-usage -fcyclomatic-complexity -MMD -MP -MF"Core/Src/main.d" -MT"Core/Src/main.o" --specs=nano.specs -mfpu=fpv4-sp-d16 -mfloat-abi=hard -mthumb -o "Core/Src/main.o"
arm-none-eabi-gcc "../Core/Src/stm32f4xx_hal_msp.c" -mcpu=cortex-m4 -std=gnu11 -g3 -DDEBUG -DUSE_HAL_DRIVER -DSTM32F401xE -c -I../Core/Inc -I../Drivers/STM32F4xx_HAL_Driver/Inc -I../Drivers/STM32F4xx_HAL_Driver/Inc/Legacy -I../Drivers/CMSIS/Device/ST/STM32F4xx/Include -I../Drivers/CMSIS/Include -O0 -ffunction-sections -fdata-sections -Wall -fstack-usage -fcyclomatic-complexity -MMD -MP -MF"Core/Src/stm32f4xx_hal_msp.d" -MT"Core/Src/stm32f4xx_hal_msp.o" --specs=nano.specs -mfpu=fpv4-sp-d16 -mfloat-abi=hard -mthumb -o "Core/Src/stm32f4xx_hal_msp.o"
arm-none-eabi-gcc "../Core/Src/stm32f4xx_it.c" -mcpu=cortex-m4 -std=gnu11 -g3 -DDEBUG -DUSE_HAL_DRIVER -DSTM32F401xE -c -I../Core/Inc -I../Drivers/STM32F4xx_HAL_Driver/Inc -I../Drivers/STM32F4xx_HAL_Driver/Inc/Legacy -I../Drivers/CMSIS/Device/ST/STM32F4xx/Include -I../Drivers/CMSIS/Include -O0 -ffunction-sections -fdata-sections -Wall -fstack-usage -fcyclomatic-complexity -MMD -MP -MF"Core/Src/stm32f4xx_it.d" -MT"Core/Src/stm32f4xx_it.o" --specs=nano.specs -mfpu=fpv4-sp-d16 -mfloat-abi=hard -mthumb -o "Core/Src/stm32f4xx_it.o"
arm-none-eabi-gcc "../Core/Src/syscalls.c" -mcpu=cortex-m4 -std=gnu11 -g3 -DDEBUG -DUSE_HAL_DRIVER -DSTM32F401xE -c -I../Core/Inc -I../Drivers/STM32F4xx_HAL_Driver/Inc -I../Drivers/STM32F4xx_HAL_Driver/Inc/Legacy -I../Drivers/CMSIS/Device/ST/STM32F4xx/Include -I../Drivers/CMSIS/Include -O0 -ffunction-sections -fdata-sections -Wall -fstack-usage -fcyclomatic-complexity -MMD -MP -MF"Core/Src/syscalls.d" -MT"Core/Src/syscalls.o" --specs=nano.specs -mfpu=fpv4-sp-d16 -mfloat-abi=hard -mthumb -o "Core/Src/syscalls.o"
arm-none-eabi-gcc "../Core/Src/sysmem.c" -mcpu=cortex-m4 -std=gnu11 -g3 -DDEBUG -DUSE_HAL_DRIVER -DSTM32F401xE -c -I../Core/Inc -I../Drivers/STM32F4xx_HAL_Driver/Inc -I../Drivers/STM32F4xx_HAL_Driver/Inc/Legacy -I../Drivers/CMSIS/Device/ST/STM32F4xx/Include -I../Drivers/CMSIS/Include -O0 -ffunction-sections -fdata-sections -Wall -fstack-usage -fcyclomatic-complexity -MMD -MP -MF"Core/Src/sysmem.d" -MT"Core/Src/sysmem.o" --specs=nano.specs -mfpu=fpv4-sp-d16 -mfloat-abi=hard -mthumb -o "Core/Src/sysmem.o"
arm-none-eabi-gcc "../Core/Src/system_stm32f4xx.c" -mcpu=cortex-m4 -std=gnu11 -g3 -DDEBUG -DUSE_HAL_DRIVER -DSTM32F401xE -c -I../Core/Inc -I../Drivers/STM32F4xx_HAL_Driver/Inc -I../Drivers/STM32F4xx_HAL_Driver/Inc/Legacy -I../Drivers/CMSIS/Device/ST/STM32F4xx/Include -I../Drivers/CMSIS/Include -O0 -ffunction-sections -fdata-sections -Wall -fstack-usage -fcyclomatic-complexity -MMD -MP -MF"Core/Src/system_stm32f4xx.d" -MT"Core/Src/system_stm32f4xx.o" --specs=nano.specs -mfpu=fpv4-sp-d16 -mfloat-abi=hard -mthumb -o "Core/Src/system_stm32f4xx.o"
../Core/Src/main.cpp: In function 'int main()':
../Core/Src/main.cpp:113:11: error: 'printf' was not declared in this scope
  113 |           printf("Accel: X=%d Y=%d Z=%d\n", ax, ay, az);
      |           ^~~~~~
../Core/Src/main.cpp:25:1: note: 'printf' is defined in header '<cstdio>'; did you forget to '#include <cstdio>'?
   24 | #include "MPU9250.h"
  +++ |+#include <cstdio>
   25 | /* USER CODE END Includes */
make: *** [Core/Src/subdir.mk:41: Core/Src/main.o] Error 1
make: *** Waiting for unfinished jobs....
"make -j8 all" terminated with exit code 2. Build might be incomplete.
14:40:52 **** Incremental Build of configuration Debug for project IMU_cal ****
make -j8 all 
arm-none-eabi-g++ "../Core/Src/main.cpp" -mcpu=cortex-m4 -std=gnu++14 -g3 -DDEBUG -DUSE_HAL_DRIVER -DSTM32F401xE -c -I../Core/Inc -I../Drivers/STM32F4xx_HAL_Driver/Inc -I../Drivers/STM32F4xx_HAL_Driver/Inc/Legacy -I../Drivers/CMSIS/Device/ST/STM32F4xx/Include -I../Drivers/CMSIS/Include -O0 -ffunction-sections -fdata-sections -fno-exceptions -fno-rtti -fno-use-cxa-atexit -Wall -fstack-usage -fcyclomatic-complexity -MMD -MP -MF"Core/Src/main.d" -MT"Core/Src/main.o" --specs=nano.specs -mfpu=fpv4-sp-d16 -mfloat-abi=hard -mthumb -o "Core/Src/main.o"
../Core/Src/main.cpp: In function 'int main()':
../Core/Src/main.cpp:113:11: error: 'printf' was not declared in this scope
  113 |           printf("Accel: X=%d Y=%d Z=%d\n", ax, ay, az);
      |           ^~~~~~
../Core/Src/main.cpp:25:1: note: 'printf' is defined in header '<cstdio>'; did you forget to '#include <cstdio>'?
   24 | #include "MPU9250.h"
  +++ |+#include <cstdio>
   25 | /* USER CODE END Includes */
make: *** [Core/Src/subdir.mk:41: Core/Src/main.o] Error 1
"make -j8 all" terminated with exit code 2. Build might be incomplete.
14:41:33 **** Incremental Build of configuration Debug for project IMU_cal ****
make -j8 all 
arm-none-eabi-g++ "../Core/Src/main.cpp" -mcpu=cortex-m4 -std=gnu++14 -g3 -DDEBUG -DUSE_HAL_DRIVER -DSTM32F401xE -c -I../Core/Inc -I../Drivers/STM32F4xx_HAL_Driver/Inc -I../Drivers/STM32F4xx_HAL_Driver/Inc/Legacy -I../Drivers/CMSIS/Device/ST/STM32F4xx/Include -I../Drivers/CMSIS/Include -O0 -ffunction-sections -fdata-sections -fno-exceptions -fno-rtti -fno-use-cxa-atexit -Wall -fstack-usage -fcyclomatic-complexity -MMD -MP -MF"Core/Src/main.d" -MT"Core/Src/main.o" --specs=nano.specs -mfpu=fpv4-sp-d16 -mfloat-abi=hard -mthumb -o "Core/Src/main.o"
arm-none-eabi-g++ -o "IMU_cal.elf" @"objects.list"   -mcpu=cortex-m4 -T"C:\ws\mechatronics\MPU9250_cal_bench\embedded\IMU_cal\STM32F401RETX_FLASH.ld" --specs=nosys.specs -Wl,-Map="IMU_cal.map" -Wl,--gc-sections -static --specs=nano.specs -mfpu=fpv4-sp-d16 -mfloat-abi=hard -mthumb -Wl,--start-group -lc -lm -lstdc++ -lsupc++ -Wl,--end-group
Finished building target: IMU_cal.elf
 
arm-none-eabi-size  IMU_cal.elf 
arm-none-eabi-objdump -h -S IMU_cal.elf  > "IMU_cal.list"
   text	   data	    bss	    dec	    hex	filename
  16864	    104	   2064	  19032	   4a58	IMU_cal.elf
Finished building: default.size.stdout
 
Finished building: IMU_cal.list
 
14:42:12 **** Incremental Build of configuration Debug for project IMU_cal ****
make -j8 all 
arm-none-eabi-size  IMU_cal.elf 
   text	   data	    bss	    dec	    hex	filename
  16864	    104	   2064	  19032	   4a58	IMU_cal.elf
Finished building: default.size.stdout
 
14:44:02 **** Incremental Build of configuration Debug for project IMU_cal ****
make -j8 all 
arm-none-eabi-size  IMU_cal.elf 
   text	   data	    bss	    dec	    hex	filename
  16864	    104	   2064	  19032	   4a58	IMU_cal.elf
Finished building: default.size.stdout
 
14:50:38 **** Incremental Build of configuration Debug for project IMU_cal ****
make -j8 all 
arm-none-eabi-g++ "../Core/Src/main.cpp" -mcpu=cortex-m4 -std=gnu++14 -g3 -DDEBUG -DUSE_HAL_DRIVER -DSTM32F401xE -c -I../Core/Inc -I../Drivers/STM32F4xx_HAL_Driver/Inc -I../Drivers/STM32F4xx_HAL_Driver/Inc/Legacy -I../Drivers/CMSIS/Device/ST/STM32F4xx/Include -I../Drivers/CMSIS/Include -O0 -ffunction-sections -fdata-sections -fno-exceptions -fno-rtti -fno-use-cxa-atexit -Wall -fstack-usage -fcyclomatic-complexity -MMD -MP -MF"Core/Src/main.d" -MT"Core/Src/main.o" --specs=nano.specs -mfpu=fpv4-sp-d16 -mfloat-abi=hard -mthumb -o "Core/Src/main.o"
arm-none-eabi-g++ -o "IMU_cal.elf" @"objects.list"   -mcpu=cortex-m4 -T"C:\ws\mechatronics\MPU9250_cal_bench\embedded\IMU_cal\STM32F401RETX_FLASH.ld" --specs=nosys.specs -Wl,-Map="IMU_cal.map" -Wl,--gc-sections -static --specs=nano.specs -mfpu=fpv4-sp-d16 -mfloat-abi=hard -mthumb -Wl,--start-group -lc -lm -lstdc++ -lsupc++ -Wl,--end-group
Finished building target: IMU_cal.elf
 
arm-none-eabi-size  IMU_cal.elf 
arm-none-eabi-objdump -h -S IMU_cal.elf  > "IMU_cal.list"
   text	   data	    bss	    dec	    hex	filename
  16076	     92	   2060	  18228	   4734	IMU_cal.elf
Finished building: default.size.stdout
 
Finished building: IMU_cal.list
 
14:50:43 **** Incremental Build of configuration Debug for project IMU_cal ****
make -j8 all 
arm-none-eabi-size  IMU_cal.elf 
   text	   data	    bss	    dec	    hex	filename
  16076	     92	   2060	  18228	   4734	IMU_cal.elf
Finished building: default.size.stdout
 
14:51:10 **** Incremental Build of configuration Debug for project IMU_cal ****
make -j8 all 
arm-none-eabi-g++ "../Core/Src/main.cpp" -mcpu=cortex-m4 -std=gnu++14 -g3 -DDEBUG -DUSE_HAL_DRIVER -DSTM32F401xE -c -I../Core/Inc -I../Drivers/STM32F4xx_HAL_Driver/Inc -I../Drivers/STM32F4xx_HAL_Driver/Inc/Legacy -I../Drivers/CMSIS/Device/ST/STM32F4xx/Include -I../Drivers/CMSIS/Include -O0 -ffunction-sections -fdata-sections -fno-exceptions -fno-rtti -fno-use-cxa-atexit -Wall -fstack-usage -fcyclomatic-complexity -MMD -MP -MF"Core/Src/main.d" -MT"Core/Src/main.o" --specs=nano.specs -mfpu=fpv4-sp-d16 -mfloat-abi=hard -mthumb -o "Core/Src/main.o"
arm-none-eabi-g++ -o "IMU_cal.elf" @"objects.list"   -mcpu=cortex-m4 -T"C:\ws\mechatronics\MPU9250_cal_bench\embedded\IMU_cal\STM32F401RETX_FLASH.ld" --specs=nosys.specs -Wl,-Map="IMU_cal.map" -Wl,--gc-sections -static --specs=nano.specs -mfpu=fpv4-sp-d16 -mfloat-abi=hard -mthumb -Wl,--start-group -lc -lm -lstdc++ -lsupc++ -Wl,--end-group
Finished building target: IMU_cal.elf
 
arm-none-eabi-size  IMU_cal.elf 
arm-none-eabi-objdump -h -S IMU_cal.elf  > "IMU_cal.list"
   text	   data	    bss	    dec	    hex	filename
  16076	     92	   2060	  18228	   4734	IMU_cal.elf
Finished building: default.size.stdout
 
Finished building: IMU_cal.list
 
14:51:41 **** Incremental Build of configuration Debug for project IMU_cal ****
make -j8 all 
arm-none-eabi-size  IMU_cal.elf 
   text	   data	    bss	    dec	    hex	filename
  16076	     92	   2060	  18228	   4734	IMU_cal.elf
Finished building: default.size.stdout
 
18:59:36 **** Incremental Build of configuration Debug for project IMU_cal ****
make -j8 all 
arm-none-eabi-g++ "../Core/Src/MPU9250.cpp" -mcpu=cortex-m4 -std=gnu++14 -g3 -DDEBUG -DUSE_HAL_DRIVER -DSTM32F401xE -c -I../Core/Inc -I../Drivers/STM32F4xx_HAL_Driver/Inc -I../Drivers/STM32F4xx_HAL_Driver/Inc/Legacy -I../Drivers/CMSIS/Device/ST/STM32F4xx/Include -I../Drivers/CMSIS/Include -O0 -ffunction-sections -fdata-sections -fno-exceptions -fno-rtti -fno-use-cxa-atexit -Wall -fstack-usage -fcyclomatic-complexity -MMD -MP -MF"Core/Src/MPU9250.d" -MT"Core/Src/MPU9250.o" --specs=nano.specs -mfpu=fpv4-sp-d16 -mfloat-abi=hard -mthumb -o "Core/Src/MPU9250.o"
arm-none-eabi-g++ "../Core/Src/UART.cpp" -mcpu=cortex-m4 -std=gnu++14 -g3 -DDEBUG -DUSE_HAL_DRIVER -DSTM32F401xE -c -I../Core/Inc -I../Drivers/STM32F4xx_HAL_Driver/Inc -I../Drivers/STM32F4xx_HAL_Driver/Inc/Legacy -I../Drivers/CMSIS/Device/ST/STM32F4xx/Include -I../Drivers/CMSIS/Include -O0 -ffunction-sections -fdata-sections -fno-exceptions -fno-rtti -fno-use-cxa-atexit -Wall -fstack-usage -fcyclomatic-complexity -MMD -MP -MF"Core/Src/UART.d" -MT"Core/Src/UART.o" --specs=nano.specs -mfpu=fpv4-sp-d16 -mfloat-abi=hard -mthumb -o "Core/Src/UART.o"
arm-none-eabi-g++ "../Core/Src/main.cpp" -mcpu=cortex-m4 -std=gnu++14 -g3 -DDEBUG -DUSE_HAL_DRIVER -DSTM32F401xE -c -I../Core/Inc -I../Drivers/STM32F4xx_HAL_Driver/Inc -I../Drivers/STM32F4xx_HAL_Driver/Inc/Legacy -I../Drivers/CMSIS/Device/ST/STM32F4xx/Include -I../Drivers/CMSIS/Include -O0 -ffunction-sections -fdata-sections -fno-exceptions -fno-rtti -fno-use-cxa-atexit -Wall -fstack-usage -fcyclomatic-complexity -MMD -MP -MF"Core/Src/main.d" -MT"Core/Src/main.o" --specs=nano.specs -mfpu=fpv4-sp-d16 -mfloat-abi=hard -mthumb -o "Core/Src/main.o"
arm-none-eabi-gcc "../Core/Src/stm32f4xx_hal_msp.c" -mcpu=cortex-m4 -std=gnu11 -g3 -DDEBUG -DUSE_HAL_DRIVER -DSTM32F401xE -c -I../Core/Inc -I../Drivers/STM32F4xx_HAL_Driver/Inc -I../Drivers/STM32F4xx_HAL_Driver/Inc/Legacy -I../Drivers/CMSIS/Device/ST/STM32F4xx/Include -I../Drivers/CMSIS/Include -O0 -ffunction-sections -fdata-sections -Wall -fstack-usage -fcyclomatic-complexity -MMD -MP -MF"Core/Src/stm32f4xx_hal_msp.d" -MT"Core/Src/stm32f4xx_hal_msp.o" --specs=nano.specs -mfpu=fpv4-sp-d16 -mfloat-abi=hard -mthumb -o "Core/Src/stm32f4xx_hal_msp.o"
arm-none-eabi-gcc "../Core/Src/stm32f4xx_it.c" -mcpu=cortex-m4 -std=gnu11 -g3 -DDEBUG -DUSE_HAL_DRIVER -DSTM32F401xE -c -I../Core/Inc -I../Drivers/STM32F4xx_HAL_Driver/Inc -I../Drivers/STM32F4xx_HAL_Driver/Inc/Legacy -I../Drivers/CMSIS/Device/ST/STM32F4xx/Include -I../Drivers/CMSIS/Include -O0 -ffunction-sections -fdata-sections -Wall -fstack-usage -fcyclomatic-complexity -MMD -MP -MF"Core/Src/stm32f4xx_it.d" -MT"Core/Src/stm32f4xx_it.o" --specs=nano.specs -mfpu=fpv4-sp-d16 -mfloat-abi=hard -mthumb -o "Core/Src/stm32f4xx_it.o"
arm-none-eabi-gcc "../Core/Src/syscalls.c" -mcpu=cortex-m4 -std=gnu11 -g3 -DDEBUG -DUSE_HAL_DRIVER -DSTM32F401xE -c -I../Core/Inc -I../Drivers/STM32F4xx_HAL_Driver/Inc -I../Drivers/STM32F4xx_HAL_Driver/Inc/Legacy -I../Drivers/CMSIS/Device/ST/STM32F4xx/Include -I../Drivers/CMSIS/Include -O0 -ffunction-sections -fdata-sections -Wall -fstack-usage -fcyclomatic-complexity -MMD -MP -MF"Core/Src/syscalls.d" -MT"Core/Src/syscalls.o" --specs=nano.specs -mfpu=fpv4-sp-d16 -mfloat-abi=hard -mthumb -o "Core/Src/syscalls.o"
arm-none-eabi-gcc "../Core/Src/sysmem.c" -mcpu=cortex-m4 -std=gnu11 -g3 -DDEBUG -DUSE_HAL_DRIVER -DSTM32F401xE -c -I../Core/Inc -I../Drivers/STM32F4xx_HAL_Driver/Inc -I../Drivers/STM32F4xx_HAL_Driver/Inc/Legacy -I../Drivers/CMSIS/Device/ST/STM32F4xx/Include -I../Drivers/CMSIS/Include -O0 -ffunction-sections -fdata-sections -Wall -fstack-usage -fcyclomatic-complexity -MMD -MP -MF"Core/Src/sysmem.d" -MT"Core/Src/sysmem.o" --specs=nano.specs -mfpu=fpv4-sp-d16 -mfloat-abi=hard -mthumb -o "Core/Src/sysmem.o"
arm-none-eabi-gcc "../Core/Src/system_stm32f4xx.c" -mcpu=cortex-m4 -std=gnu11 -g3 -DDEBUG -DUSE_HAL_DRIVER -DSTM32F401xE -c -I../Core/Inc -I../Drivers/STM32F4xx_HAL_Driver/Inc -I../Drivers/STM32F4xx_HAL_Driver/Inc/Legacy -I../Drivers/CMSIS/Device/ST/STM32F4xx/Include -I../Drivers/CMSIS/Include -O0 -ffunction-sections -fdata-sections -Wall -fstack-usage -fcyclomatic-complexity -MMD -MP -MF"Core/Src/system_stm32f4xx.d" -MT"Core/Src/system_stm32f4xx.o" --specs=nano.specs -mfpu=fpv4-sp-d16 -mfloat-abi=hard -mthumb -o "Core/Src/system_stm32f4xx.o"
In file included from ../Core/Src/UART.cpp:1:
../Core/Inc/UART.h:11:36: warning: unsigned conversion from 'int' to 'uint8_t' {aka 'unsigned char'} changes value from '256' to '0' [-Woverflow]
   11 |     const uint8_t maxMessageSize = 256; // Maximum message size
      |                                    ^~~
../Core/Src/main.cpp: In function 'int main()':
../Core/Src/main.cpp:82:9: error: 'UART' was not declared in this scope; did you mean 'USART1'?
   82 |         UART UART_tele(&huart1);
      |         ^~~~
      |         USART1
../Core/Src/main.cpp:152:11: error: 'UART_tele' was not declared in this scope
  152 |           UART_tele.sendMessage(0x10, data, 12);
      |           ^~~~~~~~~
../Core/Src/main.cpp:96:14: warning: unused variable 'buffer' [-Wunused-variable]
   96 |         char buffer[100]; // Buffer to hold the formatted string
      |              ^~~~~~
make: *** [Core/Src/subdir.mk:44: Core/Src/main.o] Error 1
make: *** Waiting for unfinished jobs....
"make -j8 all" terminated with exit code 2. Build might be incomplete.
19:00:25 **** Incremental Build of configuration Debug for project IMU_cal ****
make -j8 all 
arm-none-eabi-g++ "../Core/Src/main.cpp" -mcpu=cortex-m4 -std=gnu++14 -g3 -DDEBUG -DUSE_HAL_DRIVER -DSTM32F401xE -c -I../Core/Inc -I../Drivers/STM32F4xx_HAL_Driver/Inc -I../Drivers/STM32F4xx_HAL_Driver/Inc/Legacy -I../Drivers/CMSIS/Device/ST/STM32F4xx/Include -I../Drivers/CMSIS/Include -O0 -ffunction-sections -fdata-sections -fno-exceptions -fno-rtti -fno-use-cxa-atexit -Wall -fstack-usage -fcyclomatic-complexity -MMD -MP -MF"Core/Src/main.d" -MT"Core/Src/main.o" --specs=nano.specs -mfpu=fpv4-sp-d16 -mfloat-abi=hard -mthumb -o "Core/Src/main.o"
In file included from ../Core/Src/main.cpp:25:
../Core/Inc/UART.h:11:36: warning: unsigned conversion from 'int' to 'uint8_t' {aka 'unsigned char'} changes value from '256' to '0' [-Woverflow]
   11 |     const uint8_t maxMessageSize = 256; // Maximum message size
      |                                    ^~~
../Core/Src/main.cpp: In function 'int main()':
../Core/Src/main.cpp:83:25: error: 'huart1' was not declared in this scope; did you mean 'huart2'?
   83 |         UART UART_tele(&huart1);
      |                         ^~~~~~
      |                         huart2
make: *** [Core/Src/subdir.mk:44: Core/Src/main.o] Error 1
"make -j8 all" terminated with exit code 2. Build might be incomplete.
19:00:42 **** Incremental Build of configuration Debug for project IMU_cal ****
make -j8 all 
arm-none-eabi-g++ "../Core/Src/main.cpp" -mcpu=cortex-m4 -std=gnu++14 -g3 -DDEBUG -DUSE_HAL_DRIVER -DSTM32F401xE -c -I../Core/Inc -I../Drivers/STM32F4xx_HAL_Driver/Inc -I../Drivers/STM32F4xx_HAL_Driver/Inc/Legacy -I../Drivers/CMSIS/Device/ST/STM32F4xx/Include -I../Drivers/CMSIS/Include -O0 -ffunction-sections -fdata-sections -fno-exceptions -fno-rtti -fno-use-cxa-atexit -Wall -fstack-usage -fcyclomatic-complexity -MMD -MP -MF"Core/Src/main.d" -MT"Core/Src/main.o" --specs=nano.specs -mfpu=fpv4-sp-d16 -mfloat-abi=hard -mthumb -o "Core/Src/main.o"
In file included from ../Core/Src/main.cpp:25:
../Core/Inc/UART.h:11:36: warning: unsigned conversion from 'int' to 'uint8_t' {aka 'unsigned char'} changes value from '256' to '0' [-Woverflow]
   11 |     const uint8_t maxMessageSize = 256; // Maximum message size
      |                                    ^~~
../Core/Src/main.cpp: In function 'int main()':
../Core/Src/main.cpp:83:30: error: no matching function for call to 'UART::UART(UART_HandleTypeDef&)'
   83 |         UART UART_tele(huart2);
      |                              ^
../Core/Inc/UART.h:15:5: note: candidate: 'UART::UART(UART_HandleTypeDef*)'
   15 |     UART(UART_HandleTypeDef *huart);
      |     ^~~~
../Core/Inc/UART.h:15:30: note:   no known conversion for argument 1 from 'UART_HandleTypeDef' {aka '__UART_HandleTypeDef'} to 'UART_HandleTypeDef*' {aka '__UART_HandleTypeDef*'}
   15 |     UART(UART_HandleTypeDef *huart);
      |          ~~~~~~~~~~~~~~~~~~~~^~~~~
../Core/Inc/UART.h:8:7: note: candidate: 'constexpr UART::UART(const UART&)'
    8 | class UART {
      |       ^~~~
../Core/Inc/UART.h:8:7: note:   no known conversion for argument 1 from 'UART_HandleTypeDef' {aka '__UART_HandleTypeDef'} to 'const UART&'
../Core/Inc/UART.h:8:7: note: candidate: 'constexpr UART::UART(UART&&)'
../Core/Inc/UART.h:8:7: note:   no known conversion for argument 1 from 'UART_HandleTypeDef' {aka '__UART_HandleTypeDef'} to 'UART&&'
make: *** [Core/Src/subdir.mk:44: Core/Src/main.o] Error 1
"make -j8 all" terminated with exit code 2. Build might be incomplete.
19:02:43 **** Incremental Build of configuration Debug for project IMU_cal ****
make -j8 all 
arm-none-eabi-g++ "../Core/Src/UART.cpp" -mcpu=cortex-m4 -std=gnu++14 -g3 -DDEBUG -DUSE_HAL_DRIVER -DSTM32F401xE -c -I../Core/Inc -I../Drivers/STM32F4xx_HAL_Driver/Inc -I../Drivers/STM32F4xx_HAL_Driver/Inc/Legacy -I../Drivers/CMSIS/Device/ST/STM32F4xx/Include -I../Drivers/CMSIS/Include -O0 -ffunction-sections -fdata-sections -fno-exceptions -fno-rtti -fno-use-cxa-atexit -Wall -fstack-usage -fcyclomatic-complexity -MMD -MP -MF"Core/Src/UART.d" -MT"Core/Src/UART.o" --specs=nano.specs -mfpu=fpv4-sp-d16 -mfloat-abi=hard -mthumb -o "Core/Src/UART.o"
arm-none-eabi-g++ "../Core/Src/main.cpp" -mcpu=cortex-m4 -std=gnu++14 -g3 -DDEBUG -DUSE_HAL_DRIVER -DSTM32F401xE -c -I../Core/Inc -I../Drivers/STM32F4xx_HAL_Driver/Inc -I../Drivers/STM32F4xx_HAL_Driver/Inc/Legacy -I../Drivers/CMSIS/Device/ST/STM32F4xx/Include -I../Drivers/CMSIS/Include -O0 -ffunction-sections -fdata-sections -fno-exceptions -fno-rtti -fno-use-cxa-atexit -Wall -fstack-usage -fcyclomatic-complexity -MMD -MP -MF"Core/Src/main.d" -MT"Core/Src/main.o" --specs=nano.specs -mfpu=fpv4-sp-d16 -mfloat-abi=hard -mthumb -o "Core/Src/main.o"
../Core/Src/main.cpp: In function 'int main()':
../Core/Src/main.cpp:83:30: error: no matching function for call to 'UART::UART(UART_HandleTypeDef&)'
   83 |         UART UART_tele(huart2);
      |                              ^
In file included from ../Core/Src/main.cpp:25:
../Core/Inc/UART.h:15:5: note: candidate: 'UART::UART(UART_HandleTypeDef*)'
   15 |     UART(UART_HandleTypeDef *huart);
      |     ^~~~
../Core/Inc/UART.h:15:30: note:   no known conversion for argument 1 from 'UART_HandleTypeDef' {aka '__UART_HandleTypeDef'} to 'UART_HandleTypeDef*' {aka '__UART_HandleTypeDef*'}
   15 |     UART(UART_HandleTypeDef *huart);
      |          ~~~~~~~~~~~~~~~~~~~~^~~~~
../Core/Inc/UART.h:8:7: note: candidate: 'constexpr UART::UART(const UART&)'
    8 | class UART {
      |       ^~~~
../Core/Inc/UART.h:8:7: note:   no known conversion for argument 1 from 'UART_HandleTypeDef' {aka '__UART_HandleTypeDef'} to 'const UART&'
../Core/Inc/UART.h:8:7: note: candidate: 'constexpr UART::UART(UART&&)'
../Core/Inc/UART.h:8:7: note:   no known conversion for argument 1 from 'UART_HandleTypeDef' {aka '__UART_HandleTypeDef'} to 'UART&&'
make: *** [Core/Src/subdir.mk:44: Core/Src/main.o] Error 1
make: *** Waiting for unfinished jobs....
"make -j8 all" terminated with exit code 2. Build might be incomplete.
19:07:39 **** Incremental Build of configuration Debug for project IMU_cal ****
make -j8 all 
arm-none-eabi-g++ "../Core/Src/UART.cpp" -mcpu=cortex-m4 -std=gnu++14 -g3 -DDEBUG -DUSE_HAL_DRIVER -DSTM32F401xE -c -I../Core/Inc -I../Drivers/STM32F4xx_HAL_Driver/Inc -I../Drivers/STM32F4xx_HAL_Driver/Inc/Legacy -I../Drivers/CMSIS/Device/ST/STM32F4xx/Include -I../Drivers/CMSIS/Include -O0 -ffunction-sections -fdata-sections -fno-exceptions -fno-rtti -fno-use-cxa-atexit -Wall -fstack-usage -fcyclomatic-complexity -MMD -MP -MF"Core/Src/UART.d" -MT"Core/Src/UART.o" --specs=nano.specs -mfpu=fpv4-sp-d16 -mfloat-abi=hard -mthumb -o "Core/Src/UART.o"
arm-none-eabi-g++ "../Core/Src/main.cpp" -mcpu=cortex-m4 -std=gnu++14 -g3 -DDEBUG -DUSE_HAL_DRIVER -DSTM32F401xE -c -I../Core/Inc -I../Drivers/STM32F4xx_HAL_Driver/Inc -I../Drivers/STM32F4xx_HAL_Driver/Inc/Legacy -I../Drivers/CMSIS/Device/ST/STM32F4xx/Include -I../Drivers/CMSIS/Include -O0 -ffunction-sections -fdata-sections -fno-exceptions -fno-rtti -fno-use-cxa-atexit -Wall -fstack-usage -fcyclomatic-complexity -MMD -MP -MF"Core/Src/main.d" -MT"Core/Src/main.o" --specs=nano.specs -mfpu=fpv4-sp-d16 -mfloat-abi=hard -mthumb -o "Core/Src/main.o"
arm-none-eabi-g++ -o "IMU_cal.elf" @"objects.list"   -mcpu=cortex-m4 -T"C:\ws\mechatronics\MPU9250_cal_bench\embedded\IMU_cal\STM32F401RETX_FLASH.ld" --specs=nosys.specs -Wl,-Map="IMU_cal.map" -Wl,--gc-sections -static --specs=nano.specs -mfpu=fpv4-sp-d16 -mfloat-abi=hard -mthumb -Wl,--start-group -lc -lm -lstdc++ -lsupc++ -Wl,--end-group
Finished building target: IMU_cal.elf
 
arm-none-eabi-size  IMU_cal.elf 
arm-none-eabi-objdump -h -S IMU_cal.elf  > "IMU_cal.list"
   text	   data	    bss	    dec	    hex	filename
  13848	     12	   1724	  15584	   3ce0	IMU_cal.elf
Finished building: default.size.stdout
 
Finished building: IMU_cal.list
 
19:12:37 **** Incremental Build of configuration Debug for project IMU_cal ****
make -j8 all 
arm-none-eabi-size  IMU_cal.elf 
   text	   data	    bss	    dec	    hex	filename
  13848	     12	   1724	  15584	   3ce0	IMU_cal.elf
Finished building: default.size.stdout
 
19:26:43 **** Incremental Build of configuration Debug for project IMU_cal ****
make -j8 all 
arm-none-eabi-g++ "../Core/Src/MPU9250.cpp" -mcpu=cortex-m4 -std=gnu++14 -g3 -DDEBUG -DUSE_HAL_DRIVER -DSTM32F401xE -c -I../Core/Inc -I../Drivers/STM32F4xx_HAL_Driver/Inc -I../Drivers/STM32F4xx_HAL_Driver/Inc/Legacy -I../Drivers/CMSIS/Device/ST/STM32F4xx/Include -I../Drivers/CMSIS/Include -O0 -ffunction-sections -fdata-sections -fno-exceptions -fno-rtti -fno-use-cxa-atexit -Wall -fstack-usage -fcyclomatic-complexity -MMD -MP -MF"Core/Src/MPU9250.d" -MT"Core/Src/MPU9250.o" --specs=nano.specs -mfpu=fpv4-sp-d16 -mfloat-abi=hard -mthumb -o "Core/Src/MPU9250.o"
arm-none-eabi-g++ -o "IMU_cal.elf" @"objects.list"   -mcpu=cortex-m4 -T"C:\ws\mechatronics\MPU9250_cal_bench\embedded\IMU_cal\STM32F401RETX_FLASH.ld" --specs=nosys.specs -Wl,-Map="IMU_cal.map" -Wl,--gc-sections -static --specs=nano.specs -mfpu=fpv4-sp-d16 -mfloat-abi=hard -mthumb -Wl,--start-group -lc -lm -lstdc++ -lsupc++ -Wl,--end-group
Finished building target: IMU_cal.elf
 
arm-none-eabi-size  IMU_cal.elf 
arm-none-eabi-objdump -h -S IMU_cal.elf  > "IMU_cal.list"
   text	   data	    bss	    dec	    hex	filename
  13836	     12	   1724	  15572	   3cd4	IMU_cal.elf
Finished building: default.size.stdout
 
Finished building: IMU_cal.list
 
19:26:49 **** Incremental Build of configuration Debug for project IMU_cal ****
make -j8 all 
arm-none-eabi-size  IMU_cal.elf 
   text	   data	    bss	    dec	    hex	filename
  13836	     12	   1724	  15572	   3cd4	IMU_cal.elf
Finished building: default.size.stdout
 
19:28:15 **** Incremental Build of configuration Debug for project IMU_cal ****
make -j8 all 
arm-none-eabi-size  IMU_cal.elf 
   text	   data	    bss	    dec	    hex	filename
  13836	     12	   1724	  15572	   3cd4	IMU_cal.elf
Finished building: default.size.stdout
 
19:30:35 **** Incremental Build of configuration Debug for project IMU_cal ****
make -j8 all 
arm-none-eabi-g++ "../Core/Src/main.cpp" -mcpu=cortex-m4 -std=gnu++14 -g3 -DDEBUG -DUSE_HAL_DRIVER -DSTM32F401xE -c -I../Core/Inc -I../Drivers/STM32F4xx_HAL_Driver/Inc -I../Drivers/STM32F4xx_HAL_Driver/Inc/Legacy -I../Drivers/CMSIS/Device/ST/STM32F4xx/Include -I../Drivers/CMSIS/Include -O0 -ffunction-sections -fdata-sections -fno-exceptions -fno-rtti -fno-use-cxa-atexit -Wall -fstack-usage -fcyclomatic-complexity -MMD -MP -MF"Core/Src/main.d" -MT"Core/Src/main.o" --specs=nano.specs -mfpu=fpv4-sp-d16 -mfloat-abi=hard -mthumb -o "Core/Src/main.o"
arm-none-eabi-g++ -o "IMU_cal.elf" @"objects.list"   -mcpu=cortex-m4 -T"C:\ws\mechatronics\MPU9250_cal_bench\embedded\IMU_cal\STM32F401RETX_FLASH.ld" --specs=nosys.specs -Wl,-Map="IMU_cal.map" -Wl,--gc-sections -static --specs=nano.specs -mfpu=fpv4-sp-d16 -mfloat-abi=hard -mthumb -Wl,--start-group -lc -lm -lstdc++ -lsupc++ -Wl,--end-group
Finished building target: IMU_cal.elf
 
arm-none-eabi-size  IMU_cal.elf 
arm-none-eabi-objdump -h -S IMU_cal.elf  > "IMU_cal.list"
   text	   data	    bss	    dec	    hex	filename
  18072	    104	   2064	  20240	   4f10	IMU_cal.elf
Finished building: default.size.stdout
 
Finished building: IMU_cal.list
 
19:30:41 **** Incremental Build of configuration Debug for project IMU_cal ****
make -j8 all 
arm-none-eabi-size  IMU_cal.elf 
   text	   data	    bss	    dec	    hex	filename
  18072	    104	   2064	  20240	   4f10	IMU_cal.elf
Finished building: default.size.stdout
 
19:32:20 **** Incremental Build of configuration Debug for project IMU_cal ****
make -j8 all 
arm-none-eabi-g++ "../Core/Src/main.cpp" -mcpu=cortex-m4 -std=gnu++14 -g3 -DDEBUG -DUSE_HAL_DRIVER -DSTM32F401xE -c -I../Core/Inc -I../Drivers/STM32F4xx_HAL_Driver/Inc -I../Drivers/STM32F4xx_HAL_Driver/Inc/Legacy -I../Drivers/CMSIS/Device/ST/STM32F4xx/Include -I../Drivers/CMSIS/Include -O0 -ffunction-sections -fdata-sections -fno-exceptions -fno-rtti -fno-use-cxa-atexit -Wall -fstack-usage -fcyclomatic-complexity -MMD -MP -MF"Core/Src/main.d" -MT"Core/Src/main.o" --specs=nano.specs -mfpu=fpv4-sp-d16 -mfloat-abi=hard -mthumb -o "Core/Src/main.o"
../Core/Src/main.cpp: In function 'int main()':
../Core/Src/main.cpp:84:17: warning: variable 'data' set but not used [-Wunused-but-set-variable]
   84 |         uint8_t data[12];
      |                 ^~~~
arm-none-eabi-g++ -o "IMU_cal.elf" @"objects.list"   -mcpu=cortex-m4 -T"C:\ws\mechatronics\MPU9250_cal_bench\embedded\IMU_cal\STM32F401RETX_FLASH.ld" --specs=nosys.specs -Wl,-Map="IMU_cal.map" -Wl,--gc-sections -static --specs=nano.specs -mfpu=fpv4-sp-d16 -mfloat-abi=hard -mthumb -Wl,--start-group -lc -lm -lstdc++ -lsupc++ -Wl,--end-group
Finished building target: IMU_cal.elf
 
arm-none-eabi-size  IMU_cal.elf 
arm-none-eabi-objdump -h -S IMU_cal.elf  > "IMU_cal.list"
   text	   data	    bss	    dec	    hex	filename
  17116	    104	   2064	  19284	   4b54	IMU_cal.elf
Finished building: default.size.stdout
 
Finished building: IMU_cal.list
 
19:32:50 **** Incremental Build of configuration Debug for project IMU_cal ****
make -j8 all 
arm-none-eabi-g++ "../Core/Src/main.cpp" -mcpu=cortex-m4 -std=gnu++14 -g3 -DDEBUG -DUSE_HAL_DRIVER -DSTM32F401xE -c -I../Core/Inc -I../Drivers/STM32F4xx_HAL_Driver/Inc -I../Drivers/STM32F4xx_HAL_Driver/Inc/Legacy -I../Drivers/CMSIS/Device/ST/STM32F4xx/Include -I../Drivers/CMSIS/Include -O0 -ffunction-sections -fdata-sections -fno-exceptions -fno-rtti -fno-use-cxa-atexit -Wall -fstack-usage -fcyclomatic-complexity -MMD -MP -MF"Core/Src/main.d" -MT"Core/Src/main.o" --specs=nano.specs -mfpu=fpv4-sp-d16 -mfloat-abi=hard -mthumb -o "Core/Src/main.o"
../Core/Src/main.cpp: In function 'int main()':
../Core/Src/main.cpp:84:17: warning: variable 'data' set but not used [-Wunused-but-set-variable]
   84 |         uint8_t data[12];
      |                 ^~~~
arm-none-eabi-g++ -o "IMU_cal.elf" @"objects.list"   -mcpu=cortex-m4 -T"C:\ws\mechatronics\MPU9250_cal_bench\embedded\IMU_cal\STM32F401RETX_FLASH.ld" --specs=nosys.specs -Wl,-Map="IMU_cal.map" -Wl,--gc-sections -static --specs=nano.specs -mfpu=fpv4-sp-d16 -mfloat-abi=hard -mthumb -Wl,--start-group -lc -lm -lstdc++ -lsupc++ -Wl,--end-group
Finished building target: IMU_cal.elf
 
arm-none-eabi-size  IMU_cal.elf 
arm-none-eabi-objdump -h -S IMU_cal.elf  > "IMU_cal.list"
   text	   data	    bss	    dec	    hex	filename
  17116	    104	   2064	  19284	   4b54	IMU_cal.elf
Finished building: default.size.stdout
 
Finished building: IMU_cal.list
 
19:32:54 **** Incremental Build of configuration Debug for project IMU_cal ****
make -j8 all 
arm-none-eabi-size  IMU_cal.elf 
   text	   data	    bss	    dec	    hex	filename
  17116	    104	   2064	  19284	   4b54	IMU_cal.elf
Finished building: default.size.stdout
 
19:36:21 **** Incremental Build of configuration Debug for project IMU_cal ****
make -j8 all 
arm-none-eabi-g++ "../Core/Src/main.cpp" -mcpu=cortex-m4 -std=gnu++14 -g3 -DDEBUG -DUSE_HAL_DRIVER -DSTM32F401xE -c -I../Core/Inc -I../Drivers/STM32F4xx_HAL_Driver/Inc -I../Drivers/STM32F4xx_HAL_Driver/Inc/Legacy -I../Drivers/CMSIS/Device/ST/STM32F4xx/Include -I../Drivers/CMSIS/Include -O0 -ffunction-sections -fdata-sections -fno-exceptions -fno-rtti -fno-use-cxa-atexit -Wall -fstack-usage -fcyclomatic-complexity -MMD -MP -MF"Core/Src/main.d" -MT"Core/Src/main.o" --specs=nano.specs -mfpu=fpv4-sp-d16 -mfloat-abi=hard -mthumb -o "Core/Src/main.o"
../Core/Src/main.cpp: In function 'int main()':
../Core/Src/main.cpp:84:17: warning: variable 'data' set but not used [-Wunused-but-set-variable]
   84 |         uint8_t data[12];
      |                 ^~~~
arm-none-eabi-g++ -o "IMU_cal.elf" @"objects.list"   -mcpu=cortex-m4 -T"C:\ws\mechatronics\MPU9250_cal_bench\embedded\IMU_cal\STM32F401RETX_FLASH.ld" --specs=nosys.specs -Wl,-Map="IMU_cal.map" -Wl,--gc-sections -static --specs=nano.specs -mfpu=fpv4-sp-d16 -mfloat-abi=hard -mthumb -Wl,--start-group -lc -lm -lstdc++ -lsupc++ -Wl,--end-group
Finished building target: IMU_cal.elf
 
arm-none-eabi-size  IMU_cal.elf 
arm-none-eabi-objdump -h -S IMU_cal.elf  > "IMU_cal.list"
   text	   data	    bss	    dec	    hex	filename
  16320	     92	   2060	  18472	   4828	IMU_cal.elf
Finished building: default.size.stdout
 
Finished building: IMU_cal.list
 
19:36:27 **** Incremental Build of configuration Debug for project IMU_cal ****
make -j8 all 
arm-none-eabi-size  IMU_cal.elf 
   text	   data	    bss	    dec	    hex	filename
  16320	     92	   2060	  18472	   4828	IMU_cal.elf
Finished building: default.size.stdout
 
19:45:05 **** Incremental Build of configuration Debug for project IMU_cal ****
make -j8 all 
arm-none-eabi-g++ "../Core/Src/MPU9250.cpp" -mcpu=cortex-m4 -std=gnu++14 -g3 -DDEBUG -DUSE_HAL_DRIVER -DSTM32F401xE -c -I../Core/Inc -I../Drivers/STM32F4xx_HAL_Driver/Inc -I../Drivers/STM32F4xx_HAL_Driver/Inc/Legacy -I../Drivers/CMSIS/Device/ST/STM32F4xx/Include -I../Drivers/CMSIS/Include -O0 -ffunction-sections -fdata-sections -fno-exceptions -fno-rtti -fno-use-cxa-atexit -Wall -fstack-usage -fcyclomatic-complexity -MMD -MP -MF"Core/Src/MPU9250.d" -MT"Core/Src/MPU9250.o" --specs=nano.specs -mfpu=fpv4-sp-d16 -mfloat-abi=hard -mthumb -o "Core/Src/MPU9250.o"
arm-none-eabi-g++ "../Core/Src/main.cpp" -mcpu=cortex-m4 -std=gnu++14 -g3 -DDEBUG -DUSE_HAL_DRIVER -DSTM32F401xE -c -I../Core/Inc -I../Drivers/STM32F4xx_HAL_Driver/Inc -I../Drivers/STM32F4xx_HAL_Driver/Inc/Legacy -I../Drivers/CMSIS/Device/ST/STM32F4xx/Include -I../Drivers/CMSIS/Include -O0 -ffunction-sections -fdata-sections -fno-exceptions -fno-rtti -fno-use-cxa-atexit -Wall -fstack-usage -fcyclomatic-complexity -MMD -MP -MF"Core/Src/main.d" -MT"Core/Src/main.o" --specs=nano.specs -mfpu=fpv4-sp-d16 -mfloat-abi=hard -mthumb -o "Core/Src/main.o"
../Core/Src/MPU9250.cpp: In member function 'void MPU9250::initialize()':
../Core/Src/MPU9250.cpp:31:19: error: 'ACCEL_CONFIG' was not declared in this scope
   31 |     writeRegister(ACCEL_CONFIG, 0x00);
      |                   ^~~~~~~~~~~~
../Core/Src/MPU9250.cpp:34:19: error: 'GYRO_CONFIG' was not declared in this scope
   34 |     writeRegister(GYRO_CONFIG, 0x00);
      |                   ^~~~~~~~~~~
../Core/Src/MPU9250.cpp:37:19: error: 'SMPLRT_DIV' was not declared in this scope
   37 |     writeRegister(SMPLRT_DIV, 0x07); // 1 kHz sample rate divided by 8 = 125 Hz
      |                   ^~~~~~~~~~
make: *** [Core/Src/subdir.mk:44: Core/Src/MPU9250.o] Error 1
make: *** Waiting for unfinished jobs....
../Core/Src/main.cpp: In function 'int main()':
../Core/Src/main.cpp:84:17: warning: variable 'data' set but not used [-Wunused-but-set-variable]
   84 |         uint8_t data[12];
      |                 ^~~~
"make -j8 all" terminated with exit code 2. Build might be incomplete.
19:45:35 **** Incremental Build of configuration Debug for project IMU_cal ****
make -j8 all 
arm-none-eabi-g++ "../Core/Src/MPU9250.cpp" -mcpu=cortex-m4 -std=gnu++14 -g3 -DDEBUG -DUSE_HAL_DRIVER -DSTM32F401xE -c -I../Core/Inc -I../Drivers/STM32F4xx_HAL_Driver/Inc -I../Drivers/STM32F4xx_HAL_Driver/Inc/Legacy -I../Drivers/CMSIS/Device/ST/STM32F4xx/Include -I../Drivers/CMSIS/Include -O0 -ffunction-sections -fdata-sections -fno-exceptions -fno-rtti -fno-use-cxa-atexit -Wall -fstack-usage -fcyclomatic-complexity -MMD -MP -MF"Core/Src/MPU9250.d" -MT"Core/Src/MPU9250.o" --specs=nano.specs -mfpu=fpv4-sp-d16 -mfloat-abi=hard -mthumb -o "Core/Src/MPU9250.o"
arm-none-eabi-g++ -o "IMU_cal.elf" @"objects.list"   -mcpu=cortex-m4 -T"C:\ws\mechatronics\MPU9250_cal_bench\embedded\IMU_cal\STM32F401RETX_FLASH.ld" --specs=nosys.specs -Wl,-Map="IMU_cal.map" -Wl,--gc-sections -static --specs=nano.specs -mfpu=fpv4-sp-d16 -mfloat-abi=hard -mthumb -Wl,--start-group -lc -lm -lstdc++ -lsupc++ -Wl,--end-group
Finished building target: IMU_cal.elf
 
arm-none-eabi-size  IMU_cal.elf 
arm-none-eabi-objdump -h -S IMU_cal.elf  > "IMU_cal.list"
   text	   data	    bss	    dec	    hex	filename
  16504	     92	   2060	  18656	   48e0	IMU_cal.elf
Finished building: default.size.stdout
 
Finished building: IMU_cal.list
 
19:45:40 **** Incremental Build of configuration Debug for project IMU_cal ****
make -j8 all 
arm-none-eabi-size  IMU_cal.elf 
   text	   data	    bss	    dec	    hex	filename
  16504	     92	   2060	  18656	   48e0	IMU_cal.elf
Finished building: default.size.stdout
 
19:46:36 **** Incremental Build of configuration Debug for project IMU_cal ****
make -j8 all 
arm-none-eabi-g++ "../Core/Src/main.cpp" -mcpu=cortex-m4 -std=gnu++14 -g3 -DDEBUG -DUSE_HAL_DRIVER -DSTM32F401xE -c -I../Core/Inc -I../Drivers/STM32F4xx_HAL_Driver/Inc -I../Drivers/STM32F4xx_HAL_Driver/Inc/Legacy -I../Drivers/CMSIS/Device/ST/STM32F4xx/Include -I../Drivers/CMSIS/Include -O0 -ffunction-sections -fdata-sections -fno-exceptions -fno-rtti -fno-use-cxa-atexit -Wall -fstack-usage -fcyclomatic-complexity -MMD -MP -MF"Core/Src/main.d" -MT"Core/Src/main.o" --specs=nano.specs -mfpu=fpv4-sp-d16 -mfloat-abi=hard -mthumb -o "Core/Src/main.o"
../Core/Src/main.cpp: In function 'int main()':
../Core/Src/main.cpp:84:17: warning: variable 'data' set but not used [-Wunused-but-set-variable]
   84 |         uint8_t data[12];
      |                 ^~~~
arm-none-eabi-g++ -o "IMU_cal.elf" @"objects.list"   -mcpu=cortex-m4 -T"C:\ws\mechatronics\MPU9250_cal_bench\embedded\IMU_cal\STM32F401RETX_FLASH.ld" --specs=nosys.specs -Wl,-Map="IMU_cal.map" -Wl,--gc-sections -static --specs=nano.specs -mfpu=fpv4-sp-d16 -mfloat-abi=hard -mthumb -Wl,--start-group -lc -lm -lstdc++ -lsupc++ -Wl,--end-group
Finished building target: IMU_cal.elf
 
arm-none-eabi-size  IMU_cal.elf 
arm-none-eabi-objdump -h -S IMU_cal.elf  > "IMU_cal.list"
   text	   data	    bss	    dec	    hex	filename
  16456	     92	   2060	  18608	   48b0	IMU_cal.elf
Finished building: default.size.stdout
 
Finished building: IMU_cal.list
 
19:46:47 **** Incremental Build of configuration Debug for project IMU_cal ****
make -j8 all 
arm-none-eabi-size  IMU_cal.elf 
   text	   data	    bss	    dec	    hex	filename
  16456	     92	   2060	  18608	   48b0	IMU_cal.elf
Finished building: default.size.stdout
 
19:48:09 **** Incremental Build of configuration Debug for project IMU_cal ****
make -j8 all 
arm-none-eabi-g++ "../Core/Src/MPU9250.cpp" -mcpu=cortex-m4 -std=gnu++14 -g3 -DDEBUG -DUSE_HAL_DRIVER -DSTM32F401xE -c -I../Core/Inc -I../Drivers/STM32F4xx_HAL_Driver/Inc -I../Drivers/STM32F4xx_HAL_Driver/Inc/Legacy -I../Drivers/CMSIS/Device/ST/STM32F4xx/Include -I../Drivers/CMSIS/Include -O0 -ffunction-sections -fdata-sections -fno-exceptions -fno-rtti -fno-use-cxa-atexit -Wall -fstack-usage -fcyclomatic-complexity -MMD -MP -MF"Core/Src/MPU9250.d" -MT"Core/Src/MPU9250.o" --specs=nano.specs -mfpu=fpv4-sp-d16 -mfloat-abi=hard -mthumb -o "Core/Src/MPU9250.o"
arm-none-eabi-g++ -o "IMU_cal.elf" @"objects.list"   -mcpu=cortex-m4 -T"C:\ws\mechatronics\MPU9250_cal_bench\embedded\IMU_cal\STM32F401RETX_FLASH.ld" --specs=nosys.specs -Wl,-Map="IMU_cal.map" -Wl,--gc-sections -static --specs=nano.specs -mfpu=fpv4-sp-d16 -mfloat-abi=hard -mthumb -Wl,--start-group -lc -lm -lstdc++ -lsupc++ -Wl,--end-group
Finished building target: IMU_cal.elf
 
arm-none-eabi-size  IMU_cal.elf 
arm-none-eabi-objdump -h -S IMU_cal.elf  > "IMU_cal.list"
   text	   data	    bss	    dec	    hex	filename
  16464	     92	   2060	  18616	   48b8	IMU_cal.elf
Finished building: default.size.stdout
 
Finished building: IMU_cal.list
 
19:48:59 **** Incremental Build of configuration Debug for project IMU_cal ****
make -j8 all 
arm-none-eabi-size  IMU_cal.elf 
   text	   data	    bss	    dec	    hex	filename
  16464	     92	   2060	  18616	   48b8	IMU_cal.elf
Finished building: default.size.stdout
 
19:49:05 **** Incremental Build of configuration Debug for project IMU_cal ****
make -j8 all 
arm-none-eabi-size  IMU_cal.elf 
   text	   data	    bss	    dec	    hex	filename
  16464	     92	   2060	  18616	   48b8	IMU_cal.elf
Finished building: default.size.stdout
 
21:53:23 **** Incremental Build of configuration Debug for project IMU_cal ****
make -j8 all 
arm-none-eabi-g++ "../Core/Src/main.cpp" -mcpu=cortex-m4 -std=gnu++14 -g3 -DDEBUG -DUSE_HAL_DRIVER -DSTM32F401xE -c -I../Core/Inc -I../Drivers/STM32F4xx_HAL_Driver/Inc -I../Drivers/STM32F4xx_HAL_Driver/Inc/Legacy -I../Drivers/CMSIS/Device/ST/STM32F4xx/Include -I../Drivers/CMSIS/Include -O0 -ffunction-sections -fdata-sections -fno-exceptions -fno-rtti -fno-use-cxa-atexit -Wall -fstack-usage -fcyclomatic-complexity -MMD -MP -MF"Core/Src/main.d" -MT"Core/Src/main.o" --specs=nano.specs -mfpu=fpv4-sp-d16 -mfloat-abi=hard -mthumb -o "Core/Src/main.o"
../Core/Src/main.cpp: In function 'int main()':
../Core/Src/main.cpp:84:17: warning: variable 'data' set but not used [-Wunused-but-set-variable]
   84 |         uint8_t data[12];
      |                 ^~~~
arm-none-eabi-g++ -o "IMU_cal.elf" @"objects.list"   -mcpu=cortex-m4 -T"C:\ws\mechatronics\MPU9250_cal_bench\embedded\IMU_cal\STM32F401RETX_FLASH.ld" --specs=nosys.specs -Wl,-Map="IMU_cal.map" -Wl,--gc-sections -static --specs=nano.specs -mfpu=fpv4-sp-d16 -mfloat-abi=hard -mthumb -Wl,--start-group -lc -lm -lstdc++ -lsupc++ -Wl,--end-group
Finished building target: IMU_cal.elf
 
arm-none-eabi-size  IMU_cal.elf 
arm-none-eabi-objdump -h -S IMU_cal.elf  > "IMU_cal.list"
   text	   data	    bss	    dec	    hex	filename
  16456	     92	   2060	  18608	   48b0	IMU_cal.elf
Finished building: default.size.stdout
 
Finished building: IMU_cal.list
 
21:54:11 **** Incremental Build of configuration Debug for project IMU_cal ****
make -j8 all 
arm-none-eabi-g++ "../Core/Src/main.cpp" -mcpu=cortex-m4 -std=gnu++14 -g3 -DDEBUG -DUSE_HAL_DRIVER -DSTM32F401xE -c -I../Core/Inc -I../Drivers/STM32F4xx_HAL_Driver/Inc -I../Drivers/STM32F4xx_HAL_Driver/Inc/Legacy -I../Drivers/CMSIS/Device/ST/STM32F4xx/Include -I../Drivers/CMSIS/Include -O0 -ffunction-sections -fdata-sections -fno-exceptions -fno-rtti -fno-use-cxa-atexit -Wall -fstack-usage -fcyclomatic-complexity -MMD -MP -MF"Core/Src/main.d" -MT"Core/Src/main.o" --specs=nano.specs -mfpu=fpv4-sp-d16 -mfloat-abi=hard -mthumb -o "Core/Src/main.o"
../Core/Src/main.cpp: In function 'int main()':
../Core/Src/main.cpp:84:17: warning: unused variable 'data' [-Wunused-variable]
   84 |         uint8_t data[12];
      |                 ^~~~
arm-none-eabi-g++ -o "IMU_cal.elf" @"objects.list"   -mcpu=cortex-m4 -T"C:\ws\mechatronics\MPU9250_cal_bench\embedded\IMU_cal\STM32F401RETX_FLASH.ld" --specs=nosys.specs -Wl,-Map="IMU_cal.map" -Wl,--gc-sections -static --specs=nano.specs -mfpu=fpv4-sp-d16 -mfloat-abi=hard -mthumb -Wl,--start-group -lc -lm -lstdc++ -lsupc++ -Wl,--end-group
Finished building target: IMU_cal.elf
 
arm-none-eabi-size  IMU_cal.elf 
arm-none-eabi-objdump -h -S IMU_cal.elf  > "IMU_cal.list"
   text	   data	    bss	    dec	    hex	filename
  16384	     92	   2060	  18536	   4868	IMU_cal.elf
Finished building: default.size.stdout
 
Finished building: IMU_cal.list
 
21:54:18 **** Incremental Build of configuration Debug for project IMU_cal ****
make -j8 all 
arm-none-eabi-size  IMU_cal.elf 
   text	   data	    bss	    dec	    hex	filename
  16384	     92	   2060	  18536	   4868	IMU_cal.elf
Finished building: default.size.stdout
 
22:02:43 **** Incremental Build of configuration Debug for project IMU_cal ****
make -j8 all 
arm-none-eabi-g++ "../Core/Src/MPU9250.cpp" -mcpu=cortex-m4 -std=gnu++14 -g3 -DDEBUG -DUSE_HAL_DRIVER -DSTM32F401xE -c -I../Core/Inc -I../Drivers/STM32F4xx_HAL_Driver/Inc -I../Drivers/STM32F4xx_HAL_Driver/Inc/Legacy -I../Drivers/CMSIS/Device/ST/STM32F4xx/Include -I../Drivers/CMSIS/Include -O0 -ffunction-sections -fdata-sections -fno-exceptions -fno-rtti -fno-use-cxa-atexit -Wall -fstack-usage -fcyclomatic-complexity -MMD -MP -MF"Core/Src/MPU9250.d" -MT"Core/Src/MPU9250.o" --specs=nano.specs -mfpu=fpv4-sp-d16 -mfloat-abi=hard -mthumb -o "Core/Src/MPU9250.o"
arm-none-eabi-g++ "../Core/Src/main.cpp" -mcpu=cortex-m4 -std=gnu++14 -g3 -DDEBUG -DUSE_HAL_DRIVER -DSTM32F401xE -c -I../Core/Inc -I../Drivers/STM32F4xx_HAL_Driver/Inc -I../Drivers/STM32F4xx_HAL_Driver/Inc/Legacy -I../Drivers/CMSIS/Device/ST/STM32F4xx/Include -I../Drivers/CMSIS/Include -O0 -ffunction-sections -fdata-sections -fno-exceptions -fno-rtti -fno-use-cxa-atexit -Wall -fstack-usage -fcyclomatic-complexity -MMD -MP -MF"Core/Src/main.d" -MT"Core/Src/main.o" --specs=nano.specs -mfpu=fpv4-sp-d16 -mfloat-abi=hard -mthumb -o "Core/Src/main.o"
../Core/Src/MPU9250.cpp: In member function 'void MPU9250::initialize()':
../Core/Src/MPU9250.cpp:29:13: error: 'delay' was not declared in this scope
   29 |             delay(100);
      |             ^~~~~
../Core/Src/MPU9250.cpp:35:32: error: 'readRegister' was not declared in this scope; did you mean 'readRegisterPair'?
   35 |             uint8_t pwr_mgmt = readRegister(PWR_MGMT_1);
      |                                ^~~~~~~~~~~~
      |                                readRegisterPair
make: *** [Core/Src/subdir.mk:44: Core/Src/MPU9250.o] Error 1
make: *** Waiting for unfinished jobs....
../Core/Src/main.cpp: In function 'int main()':
../Core/Src/main.cpp:84:17: warning: unused variable 'data' [-Wunused-variable]
   84 |         uint8_t data[12];
      |                 ^~~~
"make -j8 all" terminated with exit code 2. Build might be incomplete.
22:03:20 **** Incremental Build of configuration Debug for project IMU_cal ****
make -j8 all 
arm-none-eabi-g++ "../Core/Src/MPU9250.cpp" -mcpu=cortex-m4 -std=gnu++14 -g3 -DDEBUG -DUSE_HAL_DRIVER -DSTM32F401xE -c -I../Core/Inc -I../Drivers/STM32F4xx_HAL_Driver/Inc -I../Drivers/STM32F4xx_HAL_Driver/Inc/Legacy -I../Drivers/CMSIS/Device/ST/STM32F4xx/Include -I../Drivers/CMSIS/Include -O0 -ffunction-sections -fdata-sections -fno-exceptions -fno-rtti -fno-use-cxa-atexit -Wall -fstack-usage -fcyclomatic-complexity -MMD -MP -MF"Core/Src/MPU9250.d" -MT"Core/Src/MPU9250.o" --specs=nano.specs -mfpu=fpv4-sp-d16 -mfloat-abi=hard -mthumb -o "Core/Src/MPU9250.o"
arm-none-eabi-g++ -o "IMU_cal.elf" @"objects.list"   -mcpu=cortex-m4 -T"C:\ws\mechatronics\MPU9250_cal_bench\embedded\IMU_cal\STM32F401RETX_FLASH.ld" --specs=nosys.specs -Wl,-Map="IMU_cal.map" -Wl,--gc-sections -static --specs=nano.specs -mfpu=fpv4-sp-d16 -mfloat-abi=hard -mthumb -Wl,--start-group -lc -lm -lstdc++ -lsupc++ -Wl,--end-group
Finished building target: IMU_cal.elf
 
arm-none-eabi-size  IMU_cal.elf 
arm-none-eabi-objdump -h -S IMU_cal.elf  > "IMU_cal.list"
   text	   data	    bss	    dec	    hex	filename
  16440	     92	   2060	  18592	   48a0	IMU_cal.elf
Finished building: default.size.stdout
 
Finished building: IMU_cal.list
 
22:03:29 **** Incremental Build of configuration Debug for project IMU_cal ****
make -j8 all 
arm-none-eabi-size  IMU_cal.elf 
   text	   data	    bss	    dec	    hex	filename
  16440	     92	   2060	  18592	   48a0	IMU_cal.elf
Finished building: default.size.stdout
 
22:05:23 **** Incremental Build of configuration Debug for project IMU_cal ****
make -j8 all 
arm-none-eabi-size  IMU_cal.elf 
   text	   data	    bss	    dec	    hex	filename
  16440	     92	   2060	  18592	   48a0	IMU_cal.elf
Finished building: default.size.stdout
 
